2026-09-07 13:47:03 [    INFO] NumExpr defaulting to 10 threads. (utils.py:164)
